// Vitest Snapshot v1

exports[`PrismaSchema > Should accept extensions 1`] = `
"datasource database {
  provider   = \\"postgresql\\"
  url        = env(\\"DATABASE_URL\\")
  extensions = [pg_tgrm, zombodb]
}

generator client {
  provider = \\"prisma-client-js\\"
}
"
`;

exports[`PrismaSchema > Should accept multiple generators 1`] = `
"datasource database {
  provider = \\"cockroachdb\\"
  url      = env(\\"DATABASE_URL\\")
}

generator client {
  provider = \\"prisma-client-js\\"
}

generator other {
  provider = \\"other-client\\"
}
"
`;

exports[`PrismaSchema > Should support shadowDatabaseUrl with environment variables 1`] = `
"datasource database {
  provider          = \\"postgresql\\"
  url               = env(\\"DATABASE_URL\\")
  shadowDatabaseUrl = env(\\"SHADOW_DATABASE_URL\\")
}

generator client {
  provider = \\"prisma-client-js\\"
}
"
`;
